// Jest Snapshot v1, https://goo.gl/fbAQLP

exports[`ButtonComponent matches snapshot 1`] = `
<span
  className=""
  onClick={[Function]}
  role="button"
>
  <div
    className={undefined}
  />
</span>
`;
